Read	.target.tmpdir "/tmp"
Dump	Read
Read	.target.size "/etc/hosts" 1
Dir	.etc.hosts: ["10.20.1.29", "127.0.0.1"]
Read	.etc.hosts."10.20.1.29" ["beholder"]
Read	.etc.hosts."127.0.0.1" ["localhost localhost.localdomain"]
Return	true
Dump	Write
Dump	Import
Dump	Export
Return	$["hosts":$["10.20.1.29":["beholder"], "127.0.0.1":["localhost localhost.localdomain"]]]
