Read	.target.tmpdir nil
Log	Failed to set temporary directory: nil
Read	.sysconfig.network.dhcp.DHCLIENT_SET_HOSTNAME "yes"
Read	.sysconfig.network.dhcp.WRITE_HOSTNAME_TO_HOSTS "no"
Read	.sysconfig.network.config.NETCONFIG_DNS_POLICY nil
Read	.sysconfig.network.config.NETCONFIG_DNS_STATIC_SERVERS "208.67.222.222 208.67.220.220"
Read	.sysconfig.network.config.NETCONFIG_DNS_STATIC_SEARCHLIST "suse.cz suse.de"
Read	.target.size "/etc/HOSTNAME" 27
Read	.target.string "/etc/HOSTNAME" "laptop.suse.cz"
Read	.target.size "/etc/sysconfig/network/routes" 27
Read	.routes [$["destination":"default", "gateway":"10.20.30.40"]]
Execute	.target.bash "rpm -q --whatprovides SuSEfirewall2" 0
Read	.init.scripts.exists "SuSEfirewall2_init" false
Read	.sysconfig.sysctl.IP_FORWARD nil
Dir	.network.section: ["eth0", "eth1", "eth2", "eth3", "eth4"]
Dir	.network.value."eth0": ["BOOTPROTO"]
Read	.network.value."eth0".BOOTPROTO "dhcp4"
Dir	.network.value."eth1": ["BOOTPROTO", "IPADDR"]
Read	.network.value."eth1".BOOTPROTO "static"
Read	.network.value."eth1".IPADDR "1.2.3.4/24"
Dir	.network.value."eth2": ["BOOTPROTO", "IPADDR", "PREFIXLEN"]
Read	.network.value."eth2".BOOTPROTO "static"
Read	.network.value."eth2".IPADDR "1.2.3.5/24"
Read	.network.value."eth2".PREFIXLEN ""
Dir	.network.value."eth3": ["BOOTPROTO", "IPADDR", "PREFIXLEN"]
Read	.network.value."eth3".BOOTPROTO "static"
Read	.network.value."eth3".IPADDR "1.2.3.6"
Read	.network.value."eth3".PREFIXLEN "24"
Dir	.network.value."eth4": ["BOOTPROTO", "IPADDR", "NETMASK"]
Read	.network.value."eth4".BOOTPROTO "static"
Read	.network.value."eth4".IPADDR "1.2.3.7"
Read	.network.value."eth4".NETMASK "255.255.255.0"
Read	.target.size "/etc/install.inf" 27
Dir	.etc.install_inf: []
Read	.target.string "/proc/cmdline" "laptop.suse.cz"
Read	.probe.netcard nil
Log	hardware detection failure
Read	.etc.install_inf.BrokenModules nil
Read	.udev_persistent.net nil
Dir	.modules.options: []
Read	.udev_persistent.drivers nil
Read	.target.lstat "/etc/sysconfig/network/ifcfg-eth-pcmcia" nil
Read	.target.lstat "/etc/sysconfig/network/ifcfg-eth-usb" nil
Read	.target.lstat "/etc/sysconfig/network/ifcfg-tr-pcmcia" nil
Read	.target.lstat "/etc/sysconfig/network/ifcfg-tr-usb" nil
Execute	.target.bash_output "hostname --fqdn" $["exit":0, "stdout":"laptop.suse.cz"]
Execute	.target.bash_output "hostname --fqdn" $["exit":0, "stdout":"laptop.suse.cz"]
Return	$["dns":$["nameservers":["208.67.222.222", "208.67.220.220"], "searches":["suse.cz", "suse.de"]], "hostname":$["dhcp_hostname":"1", "domain":"suse.cz", "name":"laptop"], "interfaces":$["eth0":$["bootproto":"dhcp4"], "eth1":$["bootproto":"static", "ipaddr":"1.2.3.4/24"], "eth2":$["bootproto":"static", "ipaddr":"1.2.3.5/24"], "eth3":$["bootproto":"static", "ipaddr":"1.2.3.6/24"], "eth4":$["bootproto":"static", "ipaddr":"1.2.3.7/24"]], "routes":$["default":$["via":"10.20.30.40"]]]
Return	$["error":"", "exit":"0"]
Read	.target.size "/etc/sysconfig/network/routes" 27
Read	.routes [$["destination":"default", "gateway":"10.20.30.40"]]
Read	.init.scripts.exists "SuSEfirewall2_init" false
Read	.sysconfig.sysctl.IP_FORWARD nil
Read	.init.scripts.exists "SuSEfirewall2_init" false
Write	.sysconfig.sysctl.IP_FORWARD "no" true
Write	.sysconfig.sysctl.IPV6_FORWARD "no" true
Write	.sysconfig.sysctl nil true
Execute	.target.bash "echo 0 > /proc/sys/net/ipv4/ip_forward" 0
Execute	.target.bash "echo 0 > /proc/sys/net/ipv6/conf/all/forwarding" 0
Read	.target.size "/etc/sysconfig/network/routes" 27
Execute	.target.bash "/bin/cp /etc/sysconfig/network/routes /etc/sysconfig/network/routes.YaST2save" 0
Write	.routes [$["destination":"default", "device":"-", "gateway":"10.20.30.40", "netmask":"-"]] true
Return	$["error":"", "exit":"0"]
Return	$["error":"A valid IP address consists of four integers\nin the range 0-255 separated by dots.", "exit":"-1"]
Write	.network.value."eth3".BOOTPROTO "static" true
Write	.network.value."eth3".IPADDR "1.2.3.7/24" true
Write	.network.value."eth3".STARTMODE "auto" true
Write	.network nil true
Read	.init.scripts.exists "network" false
Return	$["error":"", "exit":"0"]
Read	.target.size "/etc/sysconfig/network/routes" 27
Read	.routes [$["destination":"default", "gateway":"10.20.30.40"]]
Read	.init.scripts.exists "SuSEfirewall2_init" false
Read	.sysconfig.sysctl.IP_FORWARD nil
Read	.probe.netcard nil
Log	hardware detection failure
Read	.etc.install_inf.BrokenModules nil
Read	.udev_persistent.net nil
Dir	.modules.options: []
Read	.udev_persistent.drivers nil
Read	.target.lstat "/etc/sysconfig/network/ifcfg-eth-pcmcia" nil
Read	.target.lstat "/etc/sysconfig/network/ifcfg-eth-usb" nil
Read	.target.lstat "/etc/sysconfig/network/ifcfg-tr-pcmcia" nil
Read	.target.lstat "/etc/sysconfig/network/ifcfg-tr-usb" nil
Execute	.target.bash_output "hostname --fqdn" $["exit":0, "stdout":"laptop.suse.cz"]
Execute	.target.bash_output "hostname --fqdn" $["exit":0, "stdout":"laptop.suse.cz"]
Return	$["dns":$["nameservers":["208.67.222.222", "208.67.220.220"], "searches":["suse.cz", "suse.de"]], "hostname":$["dhcp_hostname":"1", "domain":"suse.cz", "name":"laptop"], "interfaces":$["eth0":$["bootproto":"dhcp4"], "eth1":$["bootproto":"static", "ipaddr":"1.2.3.4/24"], "eth2":$["bootproto":"static", "ipaddr":"1.2.3.5/24"], "eth3":$["bootproto":"static", "ipaddr":"1.2.3.7/24/"], "eth4":$["bootproto":"static", "ipaddr":"1.2.3.7/24"]], "routes":$["default":$["via":"10.20.30.40"]]]
