Dump	Read
Read	.target.size "/etc/sysconfig/network/routes" 1
Read	.routes [$["1":"r1"], $["2":"r2"]]
Read	.sysconfig.sysctl.IP_FORWARD "yes"
Return	true
Dump	Routing::routes [$["1":"r1"], $["2":"r2"]]
Dump	Write
Return	true
Write	.sysconfig.sysctl.IP_FORWARD "yes" true
Write	.sysconfig.sysctl.IPV6_FORWARD "yes" true
Write	.sysconfig.sysctl nil true
Execute	.target.bash "echo 1 > /proc/sys/net/ipv4/ip_forward" 0
Execute	.target.bash "echo 1 > /proc/sys/net/ipv6/conf/all/forwarding" 0
Read	.target.size "/etc/sysconfig/network/routes" 1
Execute	.target.bash "/bin/cp /etc/sysconfig/network/routes /etc/sysconfig/network/routes.YaST2save" 0
Write	.routes [$["1":"r1"], $["3":"r3"]] true
Return	true
Dump	Import
Return	true
Dump	Export
Return	$["ip_forward":true, "routes":["r7", "r8"]]
